SELFISHNESS
Steven Schmatz
===========
 by now and tree by leaf she laughed his joy she cried his grief bird by snow
 and stir by still anyone's any was all by all and deep by deep and
 more temperate.
 rough winds do shake the darling buds of may,
 and summer's lease hath all too short a date. sometime too hot
 the eye of heaven shines, and
 often is his gold complexion dimmed; and every fair from fair sometime declines, by chance, or nature's
 changing course, untrimmed; but thy eternal
 summer shall not fade, nor lose possession of that fair thou ow'st, nor shall death brag wand'rest